// Jest Snapshot v1, https://goo.gl/fbAQLP

exports[`\`snyk-delta <...>\` Shows error when missing mandatory parameters 1`] = `
"BadInputError: In 'standalone' mode --currentProject, --currentOrg, --baselineOrg and --baselineProject are required.
Please review the available documentation via -h or the README
"
`;

exports[`\`snyk-delta <...>\` Shows error when missing mandatory parameters 2`] = `
"Hint: use debug mode -d for more information
"
`;
